mode: set
github.com/MikeRoss27/scanforge/internal/cli/auth.go:13.50,28.55 2 0
github.com/MikeRoss27/scanforge/internal/cli/auth.go:28.55,33.18 4 0
github.com/MikeRoss27/scanforge/internal/cli/auth.go:33.18,35.5 1 0
github.com/MikeRoss27/scanforge/internal/cli/auth.go:37.4,38.37 2 0
github.com/MikeRoss27/scanforge/internal/cli/auth.go:38.37,40.5 1 0
github.com/MikeRoss27/scanforge/internal/cli/auth.go:42.4,44.14 3 0
github.com/MikeRoss27/scanforge/internal/cli/auth.go:48.2,52.55 1 0
github.com/MikeRoss27/scanforge/internal/cli/auth.go:52.55,54.18 2 0
github.com/MikeRoss27/scanforge/internal/cli/auth.go:54.18,56.5 1 0
github.com/MikeRoss27/scanforge/internal/cli/auth.go:58.4,58.31 1 0
github.com/MikeRoss27/scanforge/internal/cli/auth.go:58.31,61.5 2 0
github.com/MikeRoss27/scanforge/internal/cli/auth.go:63.4,64.46 2 0
github.com/MikeRoss27/scanforge/internal/cli/auth.go:64.46,65.39 1 0
github.com/MikeRoss27/scanforge/internal/cli/auth.go:65.39,67.22 2 0
github.com/MikeRoss27/scanforge/internal/cli/auth.go:67.22,69.7 1 0
github.com/MikeRoss27/scanforge/internal/cli/auth.go:70.6,70.70 1 0
github.com/MikeRoss27/scanforge/internal/cli/auth.go:73.4,73.14 1 0
github.com/MikeRoss27/scanforge/internal/cli/auth.go:77.2,81.55 1 0
github.com/MikeRoss27/scanforge/internal/cli/auth.go:81.55,83.18 2 0
github.com/MikeRoss27/scanforge/internal/cli/auth.go:83.18,85.5 1 0
github.com/MikeRoss27/scanforge/internal/cli/auth.go:86.4,86.21 1 0
github.com/MikeRoss27/scanforge/internal/cli/auth.go:90.2,94.12 4 0
github.com/MikeRoss27/scanforge/internal/cli/diff.go:12.58,24.55 2 0
github.com/MikeRoss27/scanforge/internal/cli/diff.go:24.55,29.18 2 0
github.com/MikeRoss27/scanforge/internal/cli/diff.go:29.18,31.5 1 0
github.com/MikeRoss27/scanforge/internal/cli/diff.go:32.4,33.15 2 0
github.com/MikeRoss27/scanforge/internal/cli/diff.go:33.15,35.19 2 0
github.com/MikeRoss27/scanforge/internal/cli/diff.go:35.19,37.6 1 0
github.com/MikeRoss27/scanforge/internal/cli/diff.go:38.5,39.15 2 0
github.com/MikeRoss27/scanforge/internal/cli/diff.go:41.4,42.14 2 0
github.com/MikeRoss27/scanforge/internal/cli/diff.go:45.2,46.12 2 0
github.com/MikeRoss27/scanforge/internal/cli/doctor.go:8.60,23.55 4 0
github.com/MikeRoss27/scanforge/internal/cli/doctor.go:23.55,29.4 1 0
github.com/MikeRoss27/scanforge/internal/cli/doctor.go:32.2,36.12 4 0
github.com/MikeRoss27/scanforge/internal/cli/export.go:11.60,25.55 3 0
github.com/MikeRoss27/scanforge/internal/cli/export.go:25.55,27.18 2 0
github.com/MikeRoss27/scanforge/internal/cli/export.go:27.18,29.5 1 0
github.com/MikeRoss27/scanforge/internal/cli/export.go:30.4,35.18 2 0
github.com/MikeRoss27/scanforge/internal/cli/export.go:35.18,37.5 1 0
github.com/MikeRoss27/scanforge/internal/cli/export.go:38.4,40.14 2 0
github.com/MikeRoss27/scanforge/internal/cli/export.go:43.2,45.12 3 0
github.com/MikeRoss27/scanforge/internal/cli/init.go:8.58,21.55 2 0
github.com/MikeRoss27/scanforge/internal/cli/init.go:21.55,25.4 1 0
github.com/MikeRoss27/scanforge/internal/cli/init.go:28.2,30.12 2 0
github.com/MikeRoss27/scanforge/internal/cli/plan.go:13.58,32.55 8 1
github.com/MikeRoss27/scanforge/internal/cli/plan.go:32.55,35.21 1 0
github.com/MikeRoss27/scanforge/internal/cli/plan.go:35.21,37.5 1 0
github.com/MikeRoss27/scanforge/internal/cli/plan.go:38.4,39.21 2 0
github.com/MikeRoss27/scanforge/internal/cli/plan.go:39.21,41.5 1 0
github.com/MikeRoss27/scanforge/internal/cli/plan.go:42.4,46.18 2 0
github.com/MikeRoss27/scanforge/internal/cli/plan.go:46.18,48.5 1 0
github.com/MikeRoss27/scanforge/internal/cli/plan.go:49.4,50.31 2 0
github.com/MikeRoss27/scanforge/internal/cli/plan.go:50.31,52.5 1 0
github.com/MikeRoss27/scanforge/internal/cli/plan.go:53.4,53.14 1 0
github.com/MikeRoss27/scanforge/internal/cli/plan.go:56.2,63.12 8 1
github.com/MikeRoss27/scanforge/internal/cli/plan.go:66.58,67.39 1 0
github.com/MikeRoss27/scanforge/internal/cli/plan.go:67.39,69.3 1 0
github.com/MikeRoss27/scanforge/internal/cli/plan.go:71.2,76.42 6 0
github.com/MikeRoss27/scanforge/internal/cli/plan.go:76.42,78.3 1 0
github.com/MikeRoss27/scanforge/internal/cli/plan.go:79.2,79.26 1 0
github.com/MikeRoss27/scanforge/internal/cli/plan.go:79.26,81.3 1 0
github.com/MikeRoss27/scanforge/internal/cli/plan.go:83.2,84.34 2 0
github.com/MikeRoss27/scanforge/internal/cli/plan.go:84.34,86.29 2 0
github.com/MikeRoss27/scanforge/internal/cli/plan.go:86.29,88.4 1 0
github.com/MikeRoss27/scanforge/internal/cli/plan.go:89.3,94.5 1 0
github.com/MikeRoss27/scanforge/internal/cli/plan.go:96.2,99.26 3 0
github.com/MikeRoss27/scanforge/internal/cli/root.go:17.38,42.61 3 0
github.com/MikeRoss27/scanforge/internal/cli/root.go:42.61,44.4 1 0
github.com/MikeRoss27/scanforge/internal/cli/root.go:49.2,49.63 1 0
github.com/MikeRoss27/scanforge/internal/cli/root.go:49.63,52.3 2 0
github.com/MikeRoss27/scanforge/internal/cli/root.go:55.2,74.12 16 0
github.com/MikeRoss27/scanforge/internal/cli/run.go:11.57,64.55 26 1
github.com/MikeRoss27/scanforge/internal/cli/run.go:64.55,67.21 1 0
github.com/MikeRoss27/scanforge/internal/cli/run.go:67.21,69.5 1 0
github.com/MikeRoss27/scanforge/internal/cli/run.go:70.4,71.21 2 0
github.com/MikeRoss27/scanforge/internal/cli/run.go:71.21,73.5 1 0
github.com/MikeRoss27/scanforge/internal/cli/run.go:74.4,104.6 1 0
github.com/MikeRoss27/scanforge/internal/cli/run.go:108.2,138.12 26 1
github.com/MikeRoss27/scanforge/internal/cli/update.go:8.60,19.55 2 0
github.com/MikeRoss27/scanforge/internal/cli/update.go:19.55,21.4 1 0
github.com/MikeRoss27/scanforge/internal/cli/update.go:24.2,26.12 2 0
github.com/MikeRoss27/scanforge/internal/cli/version.go:12.41,17.48 1 0
github.com/MikeRoss27/scanforge/internal/cli/version.go:17.48,24.4 6 0
github.com/MikeRoss27/scanforge/internal/cli/version.go:27.2,27.12 1 0
github.com/MikeRoss27/scanforge/internal/app/app.go:59.34,65.2 1 1
github.com/MikeRoss27/scanforge/internal/app/app.go:110.39,110.85 1 0
github.com/MikeRoss27/scanforge/internal/app/app.go:112.52,114.2 1 1
github.com/MikeRoss27/scanforge/internal/app/app.go:132.63,134.16 2 1
github.com/MikeRoss27/scanforge/internal/app/app.go:134.16,136.3 1 0
github.com/MikeRoss27/scanforge/internal/app/app.go:137.2,138.16 2 1
github.com/MikeRoss27/scanforge/internal/app/app.go:138.16,140.3 1 1
github.com/MikeRoss27/scanforge/internal/app/app.go:141.2,142.33 2 1
github.com/MikeRoss27/scanforge/internal/app/app.go:142.33,145.44 3 1
github.com/MikeRoss27/scanforge/internal/app/app.go:145.44,147.4 1 1
github.com/MikeRoss27/scanforge/internal/app/app.go:149.2,149.29 1 1
github.com/MikeRoss27/scanforge/internal/app/app.go:152.66,154.16 2 1
github.com/MikeRoss27/scanforge/internal/app/app.go:154.16,156.3 1 1
github.com/MikeRoss27/scanforge/internal/app/app.go:158.2,165.18 6 1
github.com/MikeRoss27/scanforge/internal/app/app.go:165.18,166.79 1 0
github.com/MikeRoss27/scanforge/internal/app/app.go:166.79,168.4 1 0
github.com/MikeRoss27/scanforge/internal/app/app.go:174.2,174.41 1 1
github.com/MikeRoss27/scanforge/internal/app/app.go:180.64,182.16 2 1
github.com/MikeRoss27/scanforge/internal/app/app.go:182.16,184.3 1 0
github.com/MikeRoss27/scanforge/internal/app/app.go:186.2,186.23 1 1
github.com/MikeRoss27/scanforge/internal/app/app.go:186.23,188.3 1 0
github.com/MikeRoss27/scanforge/internal/app/app.go:190.2,191.19 2 1
github.com/MikeRoss27/scanforge/internal/app/app.go:191.19,193.3 1 0
github.com/MikeRoss27/scanforge/internal/app/app.go:195.2,203.16 2 1
github.com/MikeRoss27/scanforge/internal/app/app.go:203.16,205.3 1 0
github.com/MikeRoss27/scanforge/internal/app/app.go:207.2,207.55 1 1
github.com/MikeRoss27/scanforge/internal/app/app.go:207.55,209.3 1 1
github.com/MikeRoss27/scanforge/internal/app/app.go:210.2,210.54 1 1
github.com/MikeRoss27/scanforge/internal/app/app.go:210.54,211.79 1 1
github.com/MikeRoss27/scanforge/internal/app/app.go:211.79,213.4 1 1
github.com/MikeRoss27/scanforge/internal/app/app.go:216.2,219.16 3 1
github.com/MikeRoss27/scanforge/internal/app/app.go:219.16,221.3 1 0
github.com/MikeRoss27/scanforge/internal/app/app.go:222.2,224.70 3 1
github.com/MikeRoss27/scanforge/internal/app/app.go:224.70,226.3 1 0
github.com/MikeRoss27/scanforge/internal/app/app.go:227.2,231.48 5 1
github.com/MikeRoss27/scanforge/internal/app/app.go:231.48,233.3 1 0
github.com/MikeRoss27/scanforge/internal/app/app.go:235.2,241.8 1 1
github.com/MikeRoss27/scanforge/internal/app/app.go:247.78,249.19 2 1
github.com/MikeRoss27/scanforge/internal/app/app.go:249.19,251.3 1 1
github.com/MikeRoss27/scanforge/internal/app/app.go:251.8,253.3 1 0
github.com/MikeRoss27/scanforge/internal/app/app.go:255.2,277.12 12 1
github.com/MikeRoss27/scanforge/internal/app/app.go:277.12,292.3 2 1
github.com/MikeRoss27/scanforge/internal/app/app.go:294.2,294.65 1 1
github.com/MikeRoss27/scanforge/internal/app/app.go:294.65,298.3 1 0
github.com/MikeRoss27/scanforge/internal/app/app.go:299.2,299.24 1 1
github.com/MikeRoss27/scanforge/internal/app/app.go:306.128,307.60 1 1
github.com/MikeRoss27/scanforge/internal/app/app.go:307.60,309.56 2 0
github.com/MikeRoss27/scanforge/internal/app/app.go:309.56,314.4 4 0
github.com/MikeRoss27/scanforge/internal/app/app.go:317.3,317.44 1 0
github.com/MikeRoss27/scanforge/internal/app/app.go:317.44,319.4 1 0
github.com/MikeRoss27/scanforge/internal/app/app.go:322.3,325.13 4 0
github.com/MikeRoss27/scanforge/internal/app/app.go:327.2,327.31 1 1
github.com/MikeRoss27/scanforge/internal/app/app.go:327.31,329.3 1 1
github.com/MikeRoss27/scanforge/internal/app/app.go:330.2,331.12 2 1
github.com/MikeRoss27/scanforge/internal/app/app.go:336.55,337.12 1 0
github.com/MikeRoss27/scanforge/internal/app/app.go:337.12,338.23 1 0
github.com/MikeRoss27/scanforge/internal/app/app.go:338.24,339.4 0 0
github.com/MikeRoss27/scanforge/internal/app/app.go:343.59,344.27 1 1
github.com/MikeRoss27/scanforge/internal/app/app.go:345.35,346.68 1 1
github.com/MikeRoss27/scanforge/internal/app/app.go:347.37,348.21 1 1
github.com/MikeRoss27/scanforge/internal/app/app.go:348.21,350.4 1 0
github.com/MikeRoss27/scanforge/internal/app/app.go:351.36,352.39 1 1
github.com/MikeRoss27/scanforge/internal/app/app.go:352.39,354.4 1 0
github.com/MikeRoss27/scanforge/internal/app/app.go:355.34,356.27 1 0
github.com/MikeRoss27/scanforge/internal/app/app.go:357.33,358.27 1 0
github.com/MikeRoss27/scanforge/internal/app/app.go:359.33,360.18 1 0
github.com/MikeRoss27/scanforge/internal/app/app.go:368.48,370.20 2 0
github.com/MikeRoss27/scanforge/internal/app/app.go:370.20,372.3 1 0
github.com/MikeRoss27/scanforge/internal/app/app.go:373.2,374.20 2 0
github.com/MikeRoss27/scanforge/internal/app/app.go:374.20,376.3 1 0
github.com/MikeRoss27/scanforge/internal/app/app.go:377.2,377.26 1 0
github.com/MikeRoss27/scanforge/internal/app/app.go:384.71,387.9 3 1
github.com/MikeRoss27/scanforge/internal/app/app.go:388.16,390.17 2 1
github.com/MikeRoss27/scanforge/internal/app/app.go:391.29,393.20 2 1
github.com/MikeRoss27/scanforge/internal/app/app.go:394.29,396.20 2 1
github.com/MikeRoss27/scanforge/internal/app/app.go:398.2,401.15 3 1
github.com/MikeRoss27/scanforge/internal/app/app.go:401.15,403.3 1 1
github.com/MikeRoss27/scanforge/internal/app/app.go:404.2,404.9 1 1
github.com/MikeRoss27/scanforge/internal/app/app.go:405.58,406.42 1 1
github.com/MikeRoss27/scanforge/internal/app/app.go:407.16,408.42 1 0
github.com/MikeRoss27/scanforge/internal/app/app.go:409.29,410.64 1 1
github.com/MikeRoss27/scanforge/internal/app/app.go:411.29,412.46 1 1
github.com/MikeRoss27/scanforge/internal/app/app.go:413.23,414.49 1 1
github.com/MikeRoss27/scanforge/internal/app/app.go:417.2,418.20 2 1
github.com/MikeRoss27/scanforge/internal/app/app.go:418.20,420.3 1 1
github.com/MikeRoss27/scanforge/internal/app/app.go:421.2,421.32 1 1
github.com/MikeRoss27/scanforge/internal/app/app.go:426.86,429.33 3 1
github.com/MikeRoss27/scanforge/internal/app/app.go:429.33,430.35 1 1
github.com/MikeRoss27/scanforge/internal/app/app.go:430.35,432.4 1 1
github.com/MikeRoss27/scanforge/internal/app/app.go:435.2,435.51 1 1
github.com/MikeRoss27/scanforge/internal/app/app.go:435.51,437.3 1 0
github.com/MikeRoss27/scanforge/internal/app/app.go:437.8,438.10 1 1
github.com/MikeRoss27/scanforge/internal/app/app.go:439.58,440.43 1 1
github.com/MikeRoss27/scanforge/internal/app/app.go:441.30,442.40 1 0
github.com/MikeRoss27/scanforge/internal/app/app.go:443.11,444.41 1 0
github.com/MikeRoss27/scanforge/internal/app/app.go:448.2,448.33 1 1
github.com/MikeRoss27/scanforge/internal/app/app.go:448.33,453.46 2 1
github.com/MikeRoss27/scanforge/internal/app/app.go:453.46,455.4 1 1
github.com/MikeRoss27/scanforge/internal/app/app.go:458.2,458.34 1 1
github.com/MikeRoss27/scanforge/internal/app/app.go:464.55,469.16 4 1
github.com/MikeRoss27/scanforge/internal/app/app.go:469.16,473.3 3 0
github.com/MikeRoss27/scanforge/internal/app/app.go:475.2,477.88 3 1
github.com/MikeRoss27/scanforge/internal/app/app.go:477.88,480.3 2 0
github.com/MikeRoss27/scanforge/internal/app/app.go:481.2,481.12 1 1
github.com/MikeRoss27/scanforge/internal/app/app.go:486.105,487.37 1 1
github.com/MikeRoss27/scanforge/internal/app/app.go:487.37,489.3 1 1
github.com/MikeRoss27/scanforge/internal/app/app.go:491.2,492.17 2 1
github.com/MikeRoss27/scanforge/internal/app/app.go:492.17,494.3 1 1
github.com/MikeRoss27/scanforge/internal/app/app.go:496.2,504.15 8 1
github.com/MikeRoss27/scanforge/internal/app/app.go:511.109,513.86 2 1
github.com/MikeRoss27/scanforge/internal/app/app.go:513.86,514.91 1 1
github.com/MikeRoss27/scanforge/internal/app/app.go:514.91,516.4 1 1
github.com/MikeRoss27/scanforge/internal/app/app.go:519.2,521.30 3 1
github.com/MikeRoss27/scanforge/internal/app/app.go:521.30,522.21 1 1
github.com/MikeRoss27/scanforge/internal/app/app.go:523.20,524.20 1 1
github.com/MikeRoss27/scanforge/internal/app/app.go:525.29,528.89 1 1
github.com/MikeRoss27/scanforge/internal/app/app.go:529.11,530.87 1 1
github.com/MikeRoss27/scanforge/internal/app/app.go:534.2,534.37 1 1
github.com/MikeRoss27/scanforge/internal/app/app.go:534.37,536.3 1 1
github.com/MikeRoss27/scanforge/internal/app/app.go:538.2,539.33 2 1
github.com/MikeRoss27/scanforge/internal/app/app.go:540.19,541.26 1 1
github.com/MikeRoss27/scanforge/internal/app/app.go:542.17,543.27 1 1
github.com/MikeRoss27/scanforge/internal/app/app.go:544.16,545.24 1 0
github.com/MikeRoss27/scanforge/internal/app/app.go:548.2,552.47 5 1
github.com/MikeRoss27/scanforge/internal/app/app.go:552.47,554.3 1 0
github.com/MikeRoss27/scanforge/internal/app/app.go:555.2,556.28 2 1
github.com/MikeRoss27/scanforge/internal/app/app.go:556.28,558.3 1 1
github.com/MikeRoss27/scanforge/internal/app/app.go:559.2,559.29 1 1
github.com/MikeRoss27/scanforge/internal/app/app.go:559.29,561.3 1 1
github.com/MikeRoss27/scanforge/internal/app/app.go:562.2,564.89 2 1
github.com/MikeRoss27/scanforge/internal/app/app.go:573.44,579.29 5 1
github.com/MikeRoss27/scanforge/internal/app/app.go:579.29,580.20 1 1
github.com/MikeRoss27/scanforge/internal/app/app.go:580.20,582.12 2 1
github.com/MikeRoss27/scanforge/internal/app/app.go:584.3,584.54 1 1
github.com/MikeRoss27/scanforge/internal/app/app.go:584.54,587.12 3 1
github.com/MikeRoss27/scanforge/internal/app/app.go:589.3,589.25 1 1
github.com/MikeRoss27/scanforge/internal/app/app.go:591.2,591.19 1 1
github.com/MikeRoss27/scanforge/internal/app/app.go:591.19,593.3 1 1
github.com/MikeRoss27/scanforge/internal/app/app.go:594.2,594.41 1 1
github.com/MikeRoss27/scanforge/internal/app/app.go:599.45,600.59 1 1
github.com/MikeRoss27/scanforge/internal/app/app.go:600.59,603.3 2 0
github.com/MikeRoss27/scanforge/internal/app/app.go:609.48,610.16 1 1
github.com/MikeRoss27/scanforge/internal/app/app.go:610.16,612.3 1 1
github.com/MikeRoss27/scanforge/internal/app/app.go:614.2,616.35 3 1
github.com/MikeRoss27/scanforge/internal/app/app.go:616.35,620.40 4 0
github.com/MikeRoss27/scanforge/internal/app/app.go:620.40,622.4 1 0
github.com/MikeRoss27/scanforge/internal/app/app.go:625.2,626.16 2 1
github.com/MikeRoss27/scanforge/internal/app/app.go:626.16,628.3 1 0
github.com/MikeRoss27/scanforge/internal/app/app.go:629.2,629.15 1 1
github.com/MikeRoss27/scanforge/internal/app/app.go:629.15,631.3 1 0
github.com/MikeRoss27/scanforge/internal/app/app.go:632.2,632.15 1 1
github.com/MikeRoss27/scanforge/internal/app/app.go:632.15,634.3 1 0
github.com/MikeRoss27/scanforge/internal/app/app.go:636.2,637.25 2 1
github.com/MikeRoss27/scanforge/internal/app/app.go:637.25,639.3 1 0
github.com/MikeRoss27/scanforge/internal/app/app.go:640.2,641.20 2 1
github.com/MikeRoss27/scanforge/internal/app/app.go:641.20,643.28 2 0
github.com/MikeRoss27/scanforge/internal/app/app.go:643.28,645.4 1 0
github.com/MikeRoss27/scanforge/internal/app/app.go:646.3,646.65 1 0
github.com/MikeRoss27/scanforge/internal/app/app.go:649.2,649.36 1 1
github.com/MikeRoss27/scanforge/internal/app/app.go:652.39,653.16 1 1
github.com/MikeRoss27/scanforge/internal/app/app.go:654.19,655.44 1 1
github.com/MikeRoss27/scanforge/internal/app/app.go:656.17,657.43 1 1
github.com/MikeRoss27/scanforge/internal/app/app.go:658.16,659.39 1 0
github.com/MikeRoss27/scanforge/internal/app/app.go:660.10,661.45 1 0
github.com/MikeRoss27/scanforge/internal/app/app.go:665.57,667.16 2 1
github.com/MikeRoss27/scanforge/internal/app/app.go:667.16,669.3 1 1
github.com/MikeRoss27/scanforge/internal/app/app.go:670.2,670.35 1 1
github.com/MikeRoss27/scanforge/internal/app/app.go:670.35,671.46 1 0
github.com/MikeRoss27/scanforge/internal/app/app.go:671.46,673.4 1 0
github.com/MikeRoss27/scanforge/internal/app/app.go:675.2,675.15 1 1
github.com/MikeRoss27/scanforge/internal/app/app.go:678.57,683.29 4 1
github.com/MikeRoss27/scanforge/internal/app/app.go:683.29,684.30 1 1
github.com/MikeRoss27/scanforge/internal/app/app.go:684.30,687.4 2 0
github.com/MikeRoss27/scanforge/internal/app/app.go:689.2,689.16 1 1
github.com/MikeRoss27/scanforge/internal/app/app.go:689.16,691.3 1 1
github.com/MikeRoss27/scanforge/internal/app/app.go:692.2,692.34 1 0
github.com/MikeRoss27/scanforge/internal/app/app.go:695.58,718.2 22 1
github.com/MikeRoss27/scanforge/internal/app/app.go:720.69,722.16 2 0
github.com/MikeRoss27/scanforge/internal/app/app.go:722.16,724.3 1 0
github.com/MikeRoss27/scanforge/internal/app/app.go:726.2,733.16 3 0
github.com/MikeRoss27/scanforge/internal/app/app.go:733.16,735.3 1 0
github.com/MikeRoss27/scanforge/internal/app/app.go:737.2,737.15 1 0
github.com/MikeRoss27/scanforge/internal/app/app.go:737.15,739.17 2 0
github.com/MikeRoss27/scanforge/internal/app/app.go:739.17,741.4 1 0
github.com/MikeRoss27/scanforge/internal/app/app.go:742.3,742.22 1 0
github.com/MikeRoss27/scanforge/internal/app/app.go:743.8,747.3 3 0
github.com/MikeRoss27/scanforge/internal/app/app.go:749.2,749.19 1 0
github.com/MikeRoss27/scanforge/internal/app/app.go:749.19,751.3 1 0
github.com/MikeRoss27/scanforge/internal/app/app.go:753.2,753.12 1 0
github.com/MikeRoss27/scanforge/internal/app/app.go:756.65,758.16 2 0
github.com/MikeRoss27/scanforge/internal/app/app.go:758.16,759.39 1 0
github.com/MikeRoss27/scanforge/internal/app/app.go:759.39,761.4 1 0
github.com/MikeRoss27/scanforge/internal/app/app.go:762.3,762.39 1 0
github.com/MikeRoss27/scanforge/internal/app/app.go:762.39,764.4 1 0
github.com/MikeRoss27/scanforge/internal/app/app.go:765.3,765.13 1 0
github.com/MikeRoss27/scanforge/internal/app/app.go:768.2,768.38 1 0
github.com/MikeRoss27/scanforge/internal/app/app.go:768.38,770.3 1 0
github.com/MikeRoss27/scanforge/internal/app/app.go:771.2,771.38 1 0
github.com/MikeRoss27/scanforge/internal/app/app.go:771.38,773.3 1 0
github.com/MikeRoss27/scanforge/internal/app/app.go:775.2,784.12 8 0
github.com/MikeRoss27/scanforge/internal/app/diff.go:22.93,24.16 2 0
github.com/MikeRoss27/scanforge/internal/app/diff.go:24.16,26.3 1 0
github.com/MikeRoss27/scanforge/internal/app/diff.go:27.2,28.16 2 0
github.com/MikeRoss27/scanforge/internal/app/diff.go:28.16,30.3 1 0
github.com/MikeRoss27/scanforge/internal/app/diff.go:31.2,31.35 1 0
github.com/MikeRoss27/scanforge/internal/app/diff.go:31.35,33.3 1 0
github.com/MikeRoss27/scanforge/internal/app/diff.go:35.2,36.16 2 0
github.com/MikeRoss27/scanforge/internal/app/diff.go:36.16,38.3 1 0
github.com/MikeRoss27/scanforge/internal/app/diff.go:39.2,40.16 2 0
github.com/MikeRoss27/scanforge/internal/app/diff.go:40.16,42.3 1 0
github.com/MikeRoss27/scanforge/internal/app/diff.go:44.2,45.50 2 0
github.com/MikeRoss27/scanforge/internal/app/export.go:33.79,35.16 2 0
github.com/MikeRoss27/scanforge/internal/app/export.go:35.16,37.3 1 0
github.com/MikeRoss27/scanforge/internal/app/export.go:38.2,39.16 2 0
github.com/MikeRoss27/scanforge/internal/app/export.go:39.16,41.3 1 0
github.com/MikeRoss27/scanforge/internal/app/export.go:43.2,44.15 2 0
github.com/MikeRoss27/scanforge/internal/app/export.go:44.15,45.22 1 0
github.com/MikeRoss27/scanforge/internal/app/export.go:46.20,47.52 1 0
github.com/MikeRoss27/scanforge/internal/app/export.go:48.25,49.62 1 0
github.com/MikeRoss27/scanforge/internal/app/export.go:50.11,51.116 1 0
github.com/MikeRoss27/scanforge/internal/app/export.go:55.2,55.21 1 0
github.com/MikeRoss27/scanforge/internal/app/export.go:56.19,57.28 1 0
github.com/MikeRoss27/scanforge/internal/app/export.go:58.24,59.33 1 0
github.com/MikeRoss27/scanforge/internal/app/export.go:60.10,61.115 1 0
github.com/MikeRoss27/scanforge/internal/app/export.go:63.2,63.16 1 0
github.com/MikeRoss27/scanforge/internal/app/export.go:63.16,65.3 1 0
github.com/MikeRoss27/scanforge/internal/app/export.go:66.2,66.17 1 0
github.com/MikeRoss27/scanforge/internal/app/export.go:70.60,71.51 1 0
github.com/MikeRoss27/scanforge/internal/app/export.go:72.27,73.26 1 0
github.com/MikeRoss27/scanforge/internal/app/export.go:74.32,75.31 1 0
github.com/MikeRoss27/scanforge/internal/app/export.go:76.10,77.98 1 0
github.com/MikeRoss27/scanforge/internal/app/notify.go:34.109,35.27 1 1
github.com/MikeRoss27/scanforge/internal/app/notify.go:35.27,37.3 1 1
github.com/MikeRoss27/scanforge/internal/app/notify.go:39.2,41.16 3 1
github.com/MikeRoss27/scanforge/internal/app/notify.go:41.16,43.3 1 0
github.com/MikeRoss27/scanforge/internal/app/notify.go:45.2,48.16 4 1
github.com/MikeRoss27/scanforge/internal/app/notify.go:48.16,50.3 1 0
github.com/MikeRoss27/scanforge/internal/app/notify.go:51.2,55.16 4 1
github.com/MikeRoss27/scanforge/internal/app/notify.go:55.16,57.3 1 0
github.com/MikeRoss27/scanforge/internal/app/notify.go:58.2,58.15 1 1
github.com/MikeRoss27/scanforge/internal/app/notify.go:58.15,58.40 1 1
github.com/MikeRoss27/scanforge/internal/app/notify.go:59.2,59.28 1 1
github.com/MikeRoss27/scanforge/internal/app/notify.go:59.28,61.3 1 1
github.com/MikeRoss27/scanforge/internal/app/notify.go:62.2,62.12 1 1
github.com/MikeRoss27/scanforge/internal/app/notify.go:65.83,68.35 3 1
github.com/MikeRoss27/scanforge/internal/app/notify.go:68.35,70.46 2 1
github.com/MikeRoss27/scanforge/internal/app/notify.go:70.46,72.4 1 1
github.com/MikeRoss27/scanforge/internal/app/notify.go:74.2,75.35 2 1
github.com/MikeRoss27/scanforge/internal/app/notify.go:75.35,77.3 1 1
github.com/MikeRoss27/scanforge/internal/app/notify.go:79.2,80.30 2 1
github.com/MikeRoss27/scanforge/internal/app/notify.go:80.30,82.3 1 1
github.com/MikeRoss27/scanforge/internal/app/notify.go:83.2,88.20 3 1
github.com/MikeRoss27/scanforge/internal/app/notify.go:88.20,90.29 2 1
github.com/MikeRoss27/scanforge/internal/app/notify.go:90.29,92.4 1 1
github.com/MikeRoss27/scanforge/internal/app/notify.go:93.3,93.34 1 1
github.com/MikeRoss27/scanforge/internal/app/notify.go:96.2,106.3 1 1
github.com/MikeRoss27/scanforge/internal/app/plan.go:41.61,43.16 2 1
github.com/MikeRoss27/scanforge/internal/app/plan.go:43.16,45.3 1 0
github.com/MikeRoss27/scanforge/internal/app/plan.go:46.2,47.16 2 1
github.com/MikeRoss27/scanforge/internal/app/plan.go:47.16,49.3 1 0
github.com/MikeRoss27/scanforge/internal/app/plan.go:50.2,51.23 2 1
github.com/MikeRoss27/scanforge/internal/app/plan.go:51.23,53.3 1 1
github.com/MikeRoss27/scanforge/internal/app/plan.go:55.2,56.33 2 1
github.com/MikeRoss27/scanforge/internal/app/plan.go:56.33,58.17 2 1
github.com/MikeRoss27/scanforge/internal/app/plan.go:58.17,60.4 1 0
github.com/MikeRoss27/scanforge/internal/app/plan.go:61.3,61.36 1 1
github.com/MikeRoss27/scanforge/internal/app/plan.go:63.2,63.21 1 1
github.com/MikeRoss27/scanforge/internal/app/plan.go:66.110,75.16 2 1
github.com/MikeRoss27/scanforge/internal/app/plan.go:75.16,77.3 1 0
github.com/MikeRoss27/scanforge/internal/app/plan.go:79.2,80.16 2 1
github.com/MikeRoss27/scanforge/internal/app/plan.go:80.16,82.3 1 0
github.com/MikeRoss27/scanforge/internal/app/plan.go:83.2,84.16 2 1
github.com/MikeRoss27/scanforge/internal/app/plan.go:84.16,86.3 1 0
github.com/MikeRoss27/scanforge/internal/app/plan.go:87.2,88.16 2 1
github.com/MikeRoss27/scanforge/internal/app/plan.go:88.16,90.3 1 0
github.com/MikeRoss27/scanforge/internal/app/plan.go:91.2,100.32 2 1
github.com/MikeRoss27/scanforge/internal/app/plan.go:100.32,106.3 1 1
github.com/MikeRoss27/scanforge/internal/app/plan.go:107.2,107.20 1 1
github.com/MikeRoss27/scanforge/internal/app/plan.go:110.37,111.14 1 1
github.com/MikeRoss27/scanforge/internal/app/plan.go:112.26,113.19 1 1
github.com/MikeRoss27/scanforge/internal/app/plan.go:114.78,115.22 1 1
github.com/MikeRoss27/scanforge/internal/app/plan.go:116.25,117.18 1 0
github.com/MikeRoss27/scanforge/internal/app/plan.go:118.32,119.23 1 0
github.com/MikeRoss27/scanforge/internal/app/plan.go:120.10,121.19 1 1
github.com/MikeRoss27/scanforge/internal/app/scope.go:43.47,45.2 1 1
github.com/MikeRoss27/scanforge/internal/app/scope.go:47.46,49.2 1 0
github.com/MikeRoss27/scanforge/internal/app/scope.go:51.79,52.32 1 0
github.com/MikeRoss27/scanforge/internal/app/scope.go:52.32,54.3 1 0
github.com/MikeRoss27/scanforge/internal/app/scope.go:55.2,56.25 2 0
github.com/MikeRoss27/scanforge/internal/app/scope.go:56.25,58.3 1 0
github.com/MikeRoss27/scanforge/internal/app/scope.go:59.2,59.41 1 0
github.com/MikeRoss27/scanforge/internal/app/scope.go:59.41,61.3 1 0
github.com/MikeRoss27/scanforge/internal/app/scope.go:62.2,65.36 3 0
github.com/MikeRoss27/scanforge/internal/app/scope.go:65.36,67.3 1 0
github.com/MikeRoss27/scanforge/internal/app/scope.go:68.2,69.46 2 0
github.com/MikeRoss27/scanforge/internal/app/scope.go:77.136,81.24 3 1
github.com/MikeRoss27/scanforge/internal/app/scope.go:81.24,82.21 1 1
github.com/MikeRoss27/scanforge/internal/app/scope.go:82.21,84.4 1 1
github.com/MikeRoss27/scanforge/internal/app/scope.go:85.3,85.72 1 1
github.com/MikeRoss27/scanforge/internal/app/scope.go:88.2,88.47 1 1
github.com/MikeRoss27/scanforge/internal/app/scope.go:88.47,90.10 2 1
github.com/MikeRoss27/scanforge/internal/app/scope.go:91.35,92.87 1 0
github.com/MikeRoss27/scanforge/internal/app/scope.go:93.19,95.22 2 1
github.com/MikeRoss27/scanforge/internal/app/scope.go:95.22,97.5 1 0
github.com/MikeRoss27/scanforge/internal/app/scope.go:98.4,98.23 1 1
github.com/MikeRoss27/scanforge/internal/app/scope.go:98.23,100.5 1 1
github.com/MikeRoss27/scanforge/internal/app/scope.go:101.4,101.102 1 1
github.com/MikeRoss27/scanforge/internal/app/scope.go:102.28,103.99 1 0
github.com/MikeRoss27/scanforge/internal/app/scope.go:104.11,105.90 1 1
github.com/MikeRoss27/scanforge/internal/app/scope.go:107.8,107.27 1 1
github.com/MikeRoss27/scanforge/internal/app/scope.go:107.27,109.3 1 1
github.com/MikeRoss27/scanforge/internal/app/scope.go:111.2,112.16 2 1
github.com/MikeRoss27/scanforge/internal/app/scope.go:112.16,114.3 1 0
github.com/MikeRoss27/scanforge/internal/app/scope.go:115.2,116.16 2 1
github.com/MikeRoss27/scanforge/internal/app/scope.go:116.16,118.3 1 0
github.com/MikeRoss27/scanforge/internal/app/scope.go:119.2,119.30 1 1
github.com/MikeRoss27/scanforge/internal/app/scope.go:119.30,121.3 1 0
github.com/MikeRoss27/scanforge/internal/app/scope.go:122.2,131.8 1 1
github.com/MikeRoss27/scanforge/internal/app/scope.go:134.93,136.16 2 1
github.com/MikeRoss27/scanforge/internal/app/scope.go:136.16,138.3 1 0
github.com/MikeRoss27/scanforge/internal/app/scope.go:139.2,139.30 1 1
github.com/MikeRoss27/scanforge/internal/app/scope.go:139.30,140.19 1 1
github.com/MikeRoss27/scanforge/internal/app/scope.go:140.19,142.4 1 1
github.com/MikeRoss27/scanforge/internal/app/scope.go:143.3,143.18 1 1
github.com/MikeRoss27/scanforge/internal/app/scope.go:145.2,153.8 1 1
github.com/MikeRoss27/scanforge/internal/app/scope.go:156.59,157.67 1 1
github.com/MikeRoss27/scanforge/internal/app/scope.go:158.31,159.34 1 1
github.com/MikeRoss27/scanforge/internal/app/scope.go:160.28,161.35 1 1
github.com/MikeRoss27/scanforge/internal/app/scope.go:162.10,163.82 1 0
github.com/MikeRoss27/scanforge/internal/app/scope.go:167.74,168.15 1 1
github.com/MikeRoss27/scanforge/internal/app/scope.go:168.15,170.3 1 1
github.com/MikeRoss27/scanforge/internal/app/scope.go:171.2,171.56 1 1
github.com/MikeRoss27/scanforge/internal/app/scope.go:171.56,173.3 1 1
github.com/MikeRoss27/scanforge/internal/app/scope.go:174.2,175.16 2 1
github.com/MikeRoss27/scanforge/internal/app/scope.go:175.16,177.3 1 0
github.com/MikeRoss27/scanforge/internal/app/scope.go:178.2,178.15 1 1
github.com/MikeRoss27/scanforge/internal/app/scope.go:178.15,180.3 1 1
github.com/MikeRoss27/scanforge/internal/app/scope.go:181.2,181.12 1 0
github.com/MikeRoss27/scanforge/internal/app/targets.go:11.49,13.16 2 1
github.com/MikeRoss27/scanforge/internal/app/targets.go:13.16,15.3 1 0
github.com/MikeRoss27/scanforge/internal/app/targets.go:16.2,18.57 3 1
github.com/MikeRoss27/scanforge/internal/app/targets.go:18.57,20.49 2 1
github.com/MikeRoss27/scanforge/internal/app/targets.go:20.49,21.12 1 1
github.com/MikeRoss27/scanforge/internal/app/targets.go:23.3,23.30 1 1
github.com/MikeRoss27/scanforge/internal/app/targets.go:23.30,24.12 1 1
github.com/MikeRoss27/scanforge/internal/app/targets.go:26.3,27.34 2 1
github.com/MikeRoss27/scanforge/internal/app/targets.go:29.2,29.23 1 1
github.com/MikeRoss27/scanforge/internal/app/targets.go:29.23,31.3 1 1
github.com/MikeRoss27/scanforge/internal/app/targets.go:32.2,32.21 1 1
github.com/MikeRoss27/scanforge/internal/app/targets.go:37.66,38.39 1 1
github.com/MikeRoss27/scanforge/internal/app/targets.go:38.39,40.3 1 1
github.com/MikeRoss27/scanforge/internal/app/targets.go:41.2,41.39 1 1
github.com/MikeRoss27/scanforge/internal/app/targets.go:41.39,43.3 1 1
github.com/MikeRoss27/scanforge/internal/app/targets.go:44.2,44.23 1 1
github.com/MikeRoss27/scanforge/internal/app/targets.go:44.23,46.17 2 1
github.com/MikeRoss27/scanforge/internal/app/targets.go:46.17,48.4 1 0
github.com/MikeRoss27/scanforge/internal/app/targets.go:49.3,49.22 1 1
github.com/MikeRoss27/scanforge/internal/app/targets.go:51.2,51.30 1 1
github.com/MikeRoss27/scanforge/internal/app/update.go:30.69,31.47 1 1
github.com/MikeRoss27/scanforge/internal/app/update.go:31.47,33.3 1 1
github.com/MikeRoss27/scanforge/internal/app/update.go:35.2,36.16 2 1
github.com/MikeRoss27/scanforge/internal/app/update.go:36.16,38.3 1 0
github.com/MikeRoss27/scanforge/internal/app/update.go:40.2,40.91 1 1
github.com/MikeRoss27/scanforge/internal/app/update.go:40.91,43.3 2 1
github.com/MikeRoss27/scanforge/internal/app/update.go:45.2,48.16 3 0
github.com/MikeRoss27/scanforge/internal/app/update.go:48.16,50.3 1 0
github.com/MikeRoss27/scanforge/internal/app/update.go:51.2,52.16 2 0
github.com/MikeRoss27/scanforge/internal/app/update.go:52.16,54.3 1 0
github.com/MikeRoss27/scanforge/internal/app/update.go:55.2,55.55 1 0
github.com/MikeRoss27/scanforge/internal/app/update.go:55.55,57.3 1 0
github.com/MikeRoss27/scanforge/internal/app/update.go:59.2,59.45 1 0
github.com/MikeRoss27/scanforge/internal/app/update.go:59.45,62.3 1 0
github.com/MikeRoss27/scanforge/internal/app/update.go:63.2,65.33 2 0
github.com/MikeRoss27/scanforge/internal/app/update.go:70.61,72.16 2 1
github.com/MikeRoss27/scanforge/internal/app/update.go:72.16,74.3 1 1
github.com/MikeRoss27/scanforge/internal/app/update.go:75.2,76.51 2 1
github.com/MikeRoss27/scanforge/internal/app/update.go:76.51,78.3 1 0
github.com/MikeRoss27/scanforge/internal/app/update.go:79.2,79.24 1 1
github.com/MikeRoss27/scanforge/internal/app/update.go:79.24,81.3 1 0
github.com/MikeRoss27/scanforge/internal/app/update.go:82.2,82.18 1 1
github.com/MikeRoss27/scanforge/internal/app/update.go:87.67,88.61 1 1
github.com/MikeRoss27/scanforge/internal/app/update.go:88.61,90.3 1 1
github.com/MikeRoss27/scanforge/internal/app/update.go:91.2,91.38 1 1
github.com/MikeRoss27/scanforge/internal/app/update.go:91.38,93.3 1 1
github.com/MikeRoss27/scanforge/internal/app/update.go:94.2,95.16 2 1
github.com/MikeRoss27/scanforge/internal/app/update.go:95.16,97.3 1 0
github.com/MikeRoss27/scanforge/internal/app/update.go:98.2,98.49 1 1
github.com/MikeRoss27/scanforge/internal/app/update.go:101.26,102.31 1 1
github.com/MikeRoss27/scanforge/internal/app/update.go:102.31,104.3 1 0
github.com/MikeRoss27/scanforge/internal/app/update.go:105.2,105.20 1 1
github.com/MikeRoss27/scanforge/internal/app/update.go:108.37,110.16 2 1
github.com/MikeRoss27/scanforge/internal/app/update.go:110.16,112.3 1 1
github.com/MikeRoss27/scanforge/internal/app/update.go:113.2,116.13 4 1
github.com/MikeRoss27/scanforge/internal/app/update.go:119.52,121.16 2 1
github.com/MikeRoss27/scanforge/internal/app/update.go:121.16,123.3 1 0
github.com/MikeRoss27/scanforge/internal/app/update.go:124.2,124.54 1 1
github.com/MikeRoss27/scanforge/internal/app/update.go:124.54,126.3 1 1
github.com/MikeRoss27/scanforge/internal/app/update.go:127.2,128.16 2 0
github.com/MikeRoss27/scanforge/internal/app/update.go:128.16,130.3 1 0
github.com/MikeRoss27/scanforge/internal/app/update.go:131.2,131.60 1 0
github.com/MikeRoss27/scanforge/internal/app/update.go:131.60,133.3 1 0
github.com/MikeRoss27/scanforge/internal/app/update.go:134.2,134.58 1 0
github.com/MikeRoss27/scanforge/internal/app/update.go:141.75,143.16 2 1
github.com/MikeRoss27/scanforge/internal/app/update.go:143.16,146.3 2 1
github.com/MikeRoss27/scanforge/internal/app/update.go:147.2,157.34 6 1
github.com/MikeRoss27/scanforge/internal/app/update.go:157.34,159.3 1 0
github.com/MikeRoss27/scanforge/internal/app/update.go:161.2,162.16 2 1
github.com/MikeRoss27/scanforge/internal/app/update.go:162.16,164.3 1 0
github.com/MikeRoss27/scanforge/internal/app/update.go:165.2,166.46 2 1
github.com/MikeRoss27/scanforge/internal/app/update.go:166.46,168.3 1 0
github.com/MikeRoss27/scanforge/internal/app/update.go:169.2,169.12 1 1
github.com/MikeRoss27/scanforge/internal/app/update.go:174.69,177.16 2 1
github.com/MikeRoss27/scanforge/internal/app/update.go:177.16,179.3 1 1
github.com/MikeRoss27/scanforge/internal/app/update.go:180.2,180.35 1 1
github.com/MikeRoss27/scanforge/internal/app/update.go:180.35,181.19 1 1
github.com/MikeRoss27/scanforge/internal/app/update.go:181.19,183.4 1 1
github.com/MikeRoss27/scanforge/internal/app/update.go:184.3,184.13 1 0
github.com/MikeRoss27/scanforge/internal/app/update.go:186.2,187.56 2 1
github.com/MikeRoss27/scanforge/internal/app/update.go:187.56,189.23 2 1
github.com/MikeRoss27/scanforge/internal/app/update.go:189.23,190.12 1 1
github.com/MikeRoss27/scanforge/internal/app/update.go:192.3,192.42 1 1
github.com/MikeRoss27/scanforge/internal/app/update.go:192.42,194.4 1 1
github.com/MikeRoss27/scanforge/internal/app/update.go:194.9,196.4 1 1
github.com/MikeRoss27/scanforge/internal/app/update.go:198.2,198.9 1 1
github.com/MikeRoss27/scanforge/internal/app/update.go:199.20,200.28 1 1
github.com/MikeRoss27/scanforge/internal/app/update.go:201.19,202.27 1 0
github.com/MikeRoss27/scanforge/internal/app/update.go:203.10,204.81 1 1
github.com/MikeRoss27/scanforge/internal/app/update.go:210.39,211.45 1 1
github.com/MikeRoss27/scanforge/internal/app/update.go:211.45,213.3 1 1
github.com/MikeRoss27/scanforge/internal/app/update.go:214.2,215.16 2 0
github.com/MikeRoss27/scanforge/internal/app/update.go:215.16,217.3 1 0
github.com/MikeRoss27/scanforge/internal/app/update.go:218.2,218.56 1 0
github.com/MikeRoss27/scanforge/internal/app/update.go:218.56,220.3 1 0
github.com/MikeRoss27/scanforge/internal/app/update.go:221.2,221.23 1 0
github.com/MikeRoss27/scanforge/internal/app/update.go:224.74,225.17 1 1
github.com/MikeRoss27/scanforge/internal/app/update.go:225.17,227.3 1 1
github.com/MikeRoss27/scanforge/internal/app/update.go:228.2,239.29 4 0
github.com/MikeRoss27/scanforge/internal/app/update.go:239.29,243.36 3 0
github.com/MikeRoss27/scanforge/internal/app/update.go:243.36,245.4 1 0
github.com/MikeRoss27/scanforge/internal/app/update.go:245.9,247.4 1 0
github.com/MikeRoss27/scanforge/internal/app/update.go:249.2,250.12 2 0
github.com/MikeRoss27/scanforge/internal/app/wizard.go:32.49,34.2 1 1
github.com/MikeRoss27/scanforge/internal/app/wizard.go:36.47,38.2 1 1
github.com/MikeRoss27/scanforge/internal/app/wizard.go:41.42,42.15 1 1
github.com/MikeRoss27/scanforge/internal/app/wizard.go:42.15,44.3 1 0
github.com/MikeRoss27/scanforge/internal/app/wizard.go:45.2,49.31 4 1
github.com/MikeRoss27/scanforge/internal/app/wizard.go:52.62,53.32 1 1
github.com/MikeRoss27/scanforge/internal/app/wizard.go:53.32,55.3 1 0
github.com/MikeRoss27/scanforge/internal/app/wizard.go:56.2,58.6 3 1
github.com/MikeRoss27/scanforge/internal/app/wizard.go:58.6,61.17 3 1
github.com/MikeRoss27/scanforge/internal/app/wizard.go:61.17,63.4 1 0
github.com/MikeRoss27/scanforge/internal/app/wizard.go:64.3,64.55 1 1
github.com/MikeRoss27/scanforge/internal/app/wizard.go:64.55,66.4 1 1
github.com/MikeRoss27/scanforge/internal/app/wizard.go:67.3,67.72 1 1
github.com/MikeRoss27/scanforge/internal/app/wizard.go:71.97,72.32 1 1
github.com/MikeRoss27/scanforge/internal/app/wizard.go:72.32,74.3 1 0
github.com/MikeRoss27/scanforge/internal/app/wizard.go:75.2,76.25 2 1
github.com/MikeRoss27/scanforge/internal/app/wizard.go:76.25,78.3 1 0
github.com/MikeRoss27/scanforge/internal/app/wizard.go:79.2,80.6 2 1
github.com/MikeRoss27/scanforge/internal/app/wizard.go:80.6,83.34 3 1
github.com/MikeRoss27/scanforge/internal/app/wizard.go:83.34,85.23 2 1
github.com/MikeRoss27/scanforge/internal/app/wizard.go:85.23,88.5 2 1
github.com/MikeRoss27/scanforge/internal/app/wizard.go:89.4,89.40 1 1
github.com/MikeRoss27/scanforge/internal/app/wizard.go:91.3,92.22 2 1
github.com/MikeRoss27/scanforge/internal/app/wizard.go:92.22,94.4 1 0
github.com/MikeRoss27/scanforge/internal/app/wizard.go:95.3,98.17 3 1
github.com/MikeRoss27/scanforge/internal/app/wizard.go:98.17,100.4 1 0
github.com/MikeRoss27/scanforge/internal/app/wizard.go:101.3,102.36 2 1
github.com/MikeRoss27/scanforge/internal/app/wizard.go:102.36,104.4 1 1
github.com/MikeRoss27/scanforge/internal/app/wizard.go:105.3,105.88 1 1
github.com/MikeRoss27/scanforge/internal/app/wizard.go:105.88,107.4 1 1
github.com/MikeRoss27/scanforge/internal/app/wizard.go:108.3,108.64 1 0
github.com/MikeRoss27/scanforge/internal/app/wizard.go:115.64,116.42 1 1
github.com/MikeRoss27/scanforge/internal/app/wizard.go:116.42,118.3 1 1
github.com/MikeRoss27/scanforge/internal/app/wizard.go:119.2,119.49 1 1
github.com/MikeRoss27/scanforge/internal/app/wizard.go:119.49,121.17 2 1
github.com/MikeRoss27/scanforge/internal/app/wizard.go:121.17,123.4 1 0
github.com/MikeRoss27/scanforge/internal/app/wizard.go:124.3,124.23 1 1
github.com/MikeRoss27/scanforge/internal/app/wizard.go:126.2,126.24 1 1
github.com/MikeRoss27/scanforge/internal/app/wizard.go:126.24,128.45 2 1
github.com/MikeRoss27/scanforge/internal/app/wizard.go:128.45,130.4 1 1
github.com/MikeRoss27/scanforge/internal/app/wizard.go:131.3,132.17 2 1
github.com/MikeRoss27/scanforge/internal/app/wizard.go:132.17,134.4 1 0
github.com/MikeRoss27/scanforge/internal/app/wizard.go:135.3,135.29 1 1
github.com/MikeRoss27/scanforge/internal/app/wizard.go:137.2,137.18 1 1
